EN registro_siso NULL C:/Xilinx/14.1/ISE_Projects/UCM/Practica_1c/registro_siso.vhd sub00/vhpl00 1538512795
AR divisor rtl C:/Xilinx/14.1/ISE_Projects/UCM/Practica_1c/divisor_new.vhd sub00/vhpl03 1538512475
EN divisor NULL C:/Xilinx/14.1/ISE_Projects/UCM/Practica_1c/divisor_new.vhd sub00/vhpl02 1538512474
AR registro_siso behavioral C:/Xilinx/14.1/ISE_Projects/UCM/Practica_1c/registro_siso.vhd sub00/vhpl01 1538512796
