EN registro_siso NULL "C:/hlocal/Nueva carpeta/TOC/Practica_1d/registro_siso.vhd" sub00/vhpl00 1538556102
AR divisor rtl "C:/hlocal/Nueva carpeta/TOC/Practica_1d/divisor_new.vhd" sub00/vhpl03 1538556101
EN divisor NULL "C:/hlocal/Nueva carpeta/TOC/Practica_1d/divisor_new.vhd" sub00/vhpl02 1538556100
AR registro_siso behavioral "C:/hlocal/Nueva carpeta/TOC/Practica_1d/registro_siso.vhd" sub00/vhpl01 1538556103
